POD=$(kubectl get pods -n flows-pen-test -l app=haproxy-egress -o jsonpath='{.items[0].metadata.name}')
root@jumpbox:~# kubectl exec -it $POD -n flows-pen-test -- ls -la /etc/mtls/
error: unable to upgrade connection: container not found ("haproxy")
root@jumpbox:~# kubectl exec -it $POD -n flows-pen-test -- cat /etc/mtls/visa-ca-bundle.crt | head -20
error: unable to upgrade connection: container not found ("haproxy")
root@jumpbox:~# kubectl exec -it $POD -n flows-pen-test -- cat /etc/mtls/visa-client-combined.pem | head -20
error: unable to upgrade connection: container not found ("haproxy")
root@jumpbox:~# kubectl get secret -n flows-pen-test haproxy-mtls-secret -o jsonpath='{.data.visa-ca-bundle\.crt}' | base64 -d | head -20
illegal base64 data at input byte 6392root@jumpbox:~#
root@jumpbox:~#
root@jumpbox:~# kubectl get secret -n flows-pen-test haproxy-mtls-secret -o jsonpath='{.data.visa-client-combined\.pem}' | base64 -d | head -20
LS0tLS1CRUdJTiBDRVJUSUZJQ0FURS0tLS0tCk1JSUdsekNDQlgrZ0F3SUJBZ0lKQUwrclZBZ2xhRTRSTUEwR0NTcUdTSWIzRFFFQkN3VUFNSUcwTVFzd0NRWUQKVlFRR0V3SlZVekVRTUE0R0ExVUVDQk1IUVhKcGVtOXVZVEVUTUJFR0ExVUVCeE1LVTJOdmRIUnpaR0ZzWlRFYQpNQmdHQTFVRUNoTVJSMjlFWVdSa2VTNWpiMjBzSUVsdVl5NHhMVEFyQmdOVkJBc1RKR2gwZEhBNkx5OWpaWEowCmN5NW5iMlJoWkdSNUxtTnZiUzl5WlhCdmMybDBiM0o1THpFek1ERUdBMVVFQXhNcVIyOGdSR0ZrWkhrZ1UyVmoKZFhKbElFTmxjblJwWm1sallYUmxJRUYxZEdodmNtbDBlU0F0SUVjeU1CNFhEVEl6TURZeU1URTBOREF5TTFvWApEVEkwTURjeU1qRTBOREF5TTFvd0d6RVpNQmNHQTFVRUF3d1FLaTR6WkdsemVYTjBaVzF6TG1OdmJUQ0NBU0l3CkRRWUpLb1pJaHZjTkFRRUJCUUFEZ2dFUEFEQ0NBUW9DZ2dFQkFLaVVxM245dUQrdzl6WDFPSkRYcER3bEZrUEUKTEk2aHhYSVkzblNJZHQvRXQvWFVPSXZxRW5PcWNLcGk5eGRGUUlNZjd4bmhhb05pRzgyWDdLbHRIcWNuNGdFMQo5ZWhrTjJkTHZoc0JxbEZUSzBCb1UvQVNROHhFdmhHOVJVTGdhWVpSL3dlNjFjY2YxUzR3Q0g4QkxpNlprQUZvCmpkL1Q1YUFGQm5PaUczU0tTUDlBNjVzTldRSnU4WXM4TndYeU1rQ1J4Nm1neVR6eFFQNGNyTkhUVVhXZUdmOG8KaVFDS2MralBnRjNFRHdXd3hpVW5lbDdDdEtTdkFPbnNxVHh0aEV3RUVpVDc5bWdqLzErWDdiK2ZJTjBxSVFPegpOdTF5MklNUjdQWGpPQVR0NFQ3QnVZUUNDckJNVHk2UmdYM1U4ZGZDbk0xWlBEMEphb2FhRG5CdHFKTUNBd0VBCkFhT0NBMEl3Z2dNK01Bd0dBMVVkRXdFQi93UUNNQUF3SFFZRFZSMGxCQll3RkFZSUt3WUJCUVVIQXdFR0NDc0cKQVFVRkJ3TUNNQTRHQTFVZER3RUIvd1FFQXdJRm9EQTRCZ05WSFI4RU1UQXZNQzJnSzZBcGhpZG9kSFJ3T2k4dgpZM0pzTG1kdlpHRmtaSGt1WTI5dEwyZGthV2N5Y3pFdE5qTTBNQzVqY213d1hRWURWUjBnQkZZd1ZEQklCZ3RnCmhrZ0JodjF0QVFjWEFUQTVNRGNHQ0NzR0FRVUZCd0lCRml0b2RIUndPaTh2WTJWeWRHbG1hV05oZEdWekxtZHYKWkdGa1pIa3VZMjl0TDNKbGNHOXphWFJ2Y25rdk1BZ0dCbWVCREFFQ0FUQjJCZ2dyQmdFRkJRY0JBUVJxTUdndwpKQVlJS3dZQkJRVUhNQUdHR0doMGRIQTZMeTl2WTNOd0xtZHZaR0ZrWkhrdVkyOXRMekJBQmdnckJnRUZCUWN3CkFvWTBhSFIwY0RvdkwyTmxjblJwWm1sallYUmxjeTVuYjJSaFpHUjVMbU52YlM5eVpYQnZjMmwwYjNKNUwyZGsKYVdjeUxtTnlkREFmQmdOVkhTTUVHREFXZ0JSQXdyMG5qc3cwZ3pDaU05ZjdiTFB3dEN5QXpqQXJCZ05WSFJFRQpKREFpZ2hBcUxqTmthWE41YzNSbGJYTXVZMjl0Z2c0elpHbHplWE4wWlcxekxtTnZiVEFkQmdOVkhRNEVGZ1FVCndKTWpZWjRjYnRhUWl3bWV5U1JpOVFpWStvQXdnZ0YvQmdvckJnRUVBZFo1QWdRQ0JJSUJid1NDQVdzQmFRQjIKQU83TjBHVFYyeHJPeFZ5M25iVE5FNkl5aDBaOHZPemV3MUZJV1VaeEg3V2JBQUFCaU41bVEvMEFBQVFEQUVjdwpSUUlnVHF5MWl1NlV3S0dsK0hzYXRjREZPSS9XekRWaGF0aGZiSk5qaTNuNTRYZ0NJUUNDMEZiaGNsUXIvVzMyCmF5aUtGZkxBcGRpWU9ha1JRTnlEY3VZaGdmZDNsUUIzQUVpdzQydmFwa2MwRCtWcUF2cWRNT3NjVWdITFZ0MHMKZ2RtN3Y2czUySVJ6QUFBQmlONW1STVlBQUFRREFFZ3dSZ0loQUxkNmV4VWxXOENKbzlCUzBNc2trOGVMWCtScApWSjlyU0FVTHRRbWd1U0hHQWlFQWxHQlRpSDZ0K1BPc1pld2ZxRnY1bTFPQ1JrMHZOY1hOSjFiUVNYMkkyUHdBCmRnRGF0cjlyUDdXMklwK2J3cnRjYStod2tYRnN1MUdFaFRTOXBEMHdTTmY3cXdBQUFZamVaa1U1QUFBRUF3QkgKTUVVQ0lHci9ScDJFeXp4SnA2bVRVTUsxVHNlbXhpOHpaLzJaUjZuSVZ4UTA2RysrQWlFQTdsbXRXUXplQ0hmagpVTkh4TmRFUmFnYjMrYzI2YXNOR1N6YXFPOFVyL3U0d0RRWUpLb1pJaHZjTkFRRUxCUUFEZ2dFQkFMaDYxNVMzCnFyOUxWanVuUnI4cklEZFN2MEhWcW5iMXc1VTRVWEJnYWFQZk1xNEZBTC9PNEFyNXc1bW9NZEphT2NjVFdjbmgKRFlsSm1aWUVyVVdVRmR3bkx1VDYxRFR5ZmMrLzMvMEZONmpwVGZHK2tnSUxvcERGTFRKcktBS1RTTE45anI5dApUZGY1enRPcEV4eW1ZTnJKQVRjUmVFMmgwb2JIM2t3L2VBRC9QT2QvR2pMM1pXTDFra3grYUNrVi9CUG5VNGwwCnBYeHRLUXlEVVNaUVlGaEhNMmJ1bm9ZalMzaGV6SS9MaC9lNXZMelVvdmpWMFRxWExCRHVObldwYjV4Y1pqNVcKSkxqYW1LYjFEVk1JOHFUbCtzOGkvRDRrNHVQZ29sMUlWWUowS1JpSFFCWHlyUkp5dXVYQnRqekUyQmxwT2Y2cwprNnpwcGw2Qk8wZFN1enc9Ci0tLS0tRU5EIENFUlRJRklDQVRFLS0tLS0KLS0tLS1CRUdJTiBSU0EgUFJJVkFURSBLRVktLS0tLQpNSUlFb3dJQkFBS0NBUUVBcUpTcmVmMjRQN0QzTmZVNGtOZWtQQ1VXUThRc2pxSEZjaGplZEloMjM4UzM5ZFE0Cmkrb1NjNnB3cW1MM0YwVkFneC92R2VGcWcySWJ6WmZzcVcwZXB5ZmlBVFgxNkdRM1owdStHd0dxVVZNclFHaFQKOEJKRHpFUytFYjFGUXVCcGhsSC9CN3JWeHgvVkxqQUlmd0V1THBtUUFXaU4zOVBsb0FVR2M2SWJkSXBJLzBEcgptdzFaQW03eGl6dzNCZkl5UUpISHFhREpQUEZBL2h5czBkTlJkWjRaL3lpSkFJcHo2TStBWGNRUEJiREdKU2Q2ClhzSzBwSzhBNmV5cFBHMkVUQVFTSlB2MmFDUC9YNWZ0djU4ZzNTb2hBN00yN1hMWWd4SHM5ZU00Qk8zaFBzRzUKaEFJS3NFeFBMcEdCZmRUeDE4S2N6Vms4UFFscWhwb09jRzJva3dJREFRQUJBb0lCQUMrbjIzUEFjRG45RGwxZwpCWTRZajdKNjczalh0NXJZaTJidU5kQ3VsU0E3elo4K1QzL3AreTVjYzc0Ty9QZkVtWENYOGZFWWdwSkNoVWFRCjJKT3FwN3dzTDUwVkFuK2YrUE9IKzJWS0Nyb3pyeW5sZERrTkNNSnhlbU9zWkN4OElRaWFIR1MwZ2VOcEVjd2QKUXdHWU5WUnlENzMrTHdFanR5bU4waDJWS1hxL2VWS1RPSHdmWWtKTzcwREo0WWNjVm9GL0hrSE05Y1FTcnNxVQo2U1czTHlvRElneGR2YkVMVkx2M2xjSDRMbWU3R0l0WVBmZ2xlUmdtQnpPU05lYmZmdWcxNllWYVlSeTlWRnNMCm4wT0IxVmk1WDBkT1ZMODVlaXpROG1oOC9IenNRU3VsU0x5RTZPdFVNdnJtNkpVQ2tSTHdYMFR5WlBRdmlPZloKYzFZMVpLVUNnWUVBeVp4M1hBTkR2d01Ed0ZtcEdGMnpLL2FaMnhGZDkvZC9pa1NScGNyaC9YTks3cFQ1NnJIWQpzanZ5TmtMMjNuRDc3U21YZ0RKblZaNHNTWU9GNGZxZnNPa2ZoL2gvdmt2WEVsVjI1VURYVGppYzVYdXR3Q1FhCktNYUZEU0VTNHQydkxJYTY3U1hkM0pWK2VhdWZaWmV1Y0ZzUTEvQkd4WHhuUko4ZFp6MEZoZDhDZ1lFQTFnOFQKdUxYdThrclpSNWkxOFpxRkV0TCtUZnhIcU9iQnVxR3lmdHIvS1dRNmdPZ3kzQmRCak5oQmJQelMrVzh0Tm5ndQo4eEtFbWRWV1lGb1R0aWZ6clNma1pmc0xyMzFxSFlCTkgwNmFSRW5hbTAwK3FiOG5DK21qQ3RPNVAvcDRtL0hKClh5L3EvclpoT0UxZUtNNWpZdzlHNTM1OFA5Rlc3YU9HWFZrYks4MENnWUJPOHpiS2tYeTJFRGduMnZTYzFoU1QKNHIzZFM2L0FxdXNHK2xNTzJhUWwzRUE3clpzd2pQU08xMnJDVlBiWHBPY0N1SWJiYk9HS1phWnlJMDhLYjFxWgpyTERzVGlPNElYclhjeUJjSmtncUdZRlhYRmR1SnJVWHdxWFh2bHZtKzJqZHh1VHNlU2VvZWVKTlF5Zm9ZTDJ1CndmcVdsVUVobE5YYnlYTjZPaXN2Z1FLQmdRQ2JEc2JaYVNpU2FIZW1MaysxbUpuR3ZnSXFtWkdMSHNTOG5YNi8KOTRFWUNadDdYemZnU0JSYW94Z1ppN2FEcXU0VVk5Q1drUlp1bktQNkhhWGpzR01LVGpoYlN4UDI1aUVsQjVoVwpFa2tiS0doclVQUVFZQUEzMStFYjZheHFWTlJqR2kwbGYzOTVUTUYxMkUxWnY4OHNwWmRWLzBDZnRkT0RSbzRCCk5wZkJEUUtCZ0NLUlIwRzhSc2lWaWl1L1piQzZhWVhSOFFlWENVMEVFcXpoK0hhR21ReDVnRXNVMTZ4TnBlMGMKZmhKK2JrdEh5UW13MzlrRC9rRTBzejluVHovc3ZIOFRyc2w4NkFEOElhdGZESjA0b2diOXUyR3pOa0RBVmxLdwpXNGYzZlhmbEtPa0N6VG51RjFsR2pmd1BkNHhOajhjcm9hbHJzZFJzYUhkSTlxTDZZeWNiCi0tLS0tRU5EIFJTQSBQUklWQVRFIEtFWS0tLS0tCi0tLS0tQkVHSU4gUlNBIFBSSVZBVEUgS0VZLS0tLS0KTUlJRW93SUJBQUtDQVFFQXFKU3JlZjI0UDdEM05mVTRrTmVrUENVV1E4UXNqcUhGY2hqZWRJaDIzOFMzOWRRNAppK29TYzZwd3FtTDNGMFZBZ3gvdkdlRnFnMklielpmc3FXMGVweWZpQVRYMTZHUTNaMHUrR3dHcVVWTXJRR2hUCjhCSkR6RVMrRWIxRlF1QnBobEgvQjdyVnh4L1ZMakFJZndFdUxwbVFBV2lOMzlQbG9BVUdjNkliZElwSS8wRHIKbXcxWkFtN3hpenczQmZJeVFKSEhxYURKUFBGQS9oeXMwZE5SZFo0Wi95aUpBSXB6Nk0rQVhjUVBCYkRHSlNkNgpYc0swcEs4QTZleXBQRzJFVEFRU0pQdjJhQ1AvWDVmdHY1OGczU29oQTdNMjdYTFlneEhzOWVNNEJPM2hQc0c1CmhBSUtzRXhQTHBHQmZkVHgxOEtjelZrOFBRbHFocG9PY0cyb2t3SURBUUFCQW9JQkFDK24yM1BBY0RuOURsMWcKQlk0WWo3SjY3M2pYdDVyWWkyYnVOZEN1bFNBN3paOCtUMy9wK3k1Y2M3NE8vUGZFbVhDWDhmRVlncEpDaFVhUQoySk9xcDd3c0w1MFZBbitmK1BPSCsyVktDcm96cnlubGREa05DTUp4ZW1Pc1pDeDhJUWlhSEdTMGdlTnBFY3dkClF3R1lOVlJ5RDczK0x3RWp0eW1OMGgyVktYcS9lVktUT0h3ZllrSk83MERKNFljY1ZvRi9Ia0hNOWNRU3JzcVUKNlNXM0x5b0RJZ3hkdmJFTFZMdjNsY0g0TG1lN0dJdFlQZmdsZVJnbUJ6T1NOZWJmZnVnMTZZVmFZUnk5VkZzTApuME9CMVZpNVgwZE9WTDg1ZWl6UThtaDgvSHpzUVN1bFNMeUU2T3RVTXZybTZKVUNrUkx3WDBUeVpQUXZpT2ZaCmMxWTFaS1VDZ1lFQXlaeDNYQU5EdndNRHdGbXBHRjJ6Sy9hWjJ4RmQ5L2QvaWtTUnBjcmgvWE5LN3BUNTZySFkKc2p2eU5rTDIzbkQ3N1NtWGdESm5WWjRzU1lPRjRmcWZzT2tmaC9oL3ZrdlhFbFYyNVVEWFRqaWM1WHV0d0NRYQpLTWFGRFNFUzR0MnZMSWE2N1NYZDNKVitlYXVmWlpldWNGc1ExL0JHeFh4blJKOGRaejBGaGQ4Q2dZRUExZzhUCnVMWHU4a3JaUjVpMThacUZFdEwrVGZ4SHFPYkJ1cUd5ZnRyL0tXUTZnT2d5M0JkQmpOaEJiUHpTK1c4dE5uZ3UKOHhLRW1kVldZRm9UdGlmenJTZmtaZnNMcjMxcUhZQk5IMDZhUkVuYW0wMCtxYjhuQyttakN0TzVQL3A0bS9ISgpYeS9xL3JaaE9FMWVLTTVqWXc5RzUzNThQOUZXN2FPR1hWa2JLODBDZ1lCTzh6YktrWHkyRURnbjJ2U2MxaFNUCjRyM2RTNi9BcXVzRytsTU8yYVFsM0VBN3Jac3dqUFNPMTJyQ1ZQYlhwT2NDdUliYmJPR0taYVp5STA4S2IxcVoKckxEc1RpTzRJWHJYY3lCY0prZ3FHWUZYWEZkdUpyVVh3cVhYdmx2bSsyamR4dVRzZVNlb2VlSk5ReWZvWUwydQp3ZnFXbFVFaGxOWGJ5WE42T2lzdmdRS0JnUUNiRHNiWmFTaVNhSGVtTGsrMW1Kbkd2Z0lxbVpHTEhzUzhuWDYvCjk0RVlDWnQ3WHpmZ1NCUmFveGdaaTdhRHF1NFVZOUNXa1JadW5LUDZIYVhqc0dNS1RqaGJTeFAyNWlFbEI1aFcKRWtrYktHaHJVUFFRWUFBMzErRWI2YXhxVk5SakdpMGxmMzk1VE1GMTJFMVp2ODhzcFpkVi8wQ2Z0ZE9EUm80QgpOcGZCRFFLQmdDS1JSMEc4UnNpVmlpdS9aYkM2YVlYUjhRZVhDVTBFRXF6aCtIYUdtUXg1Z0VzVTE2eE5wZTBjCmZoSitia3RIeVFtdzM5a0Qva0Uwc3o5blR6L3N2SDhUcnNsODZBRDhJYXRmREowNG9nYjl1Mkd6TmtEQVZsS3cKVzRmM2ZYZmxLT2tDelRudUYxbEdqZndQZDR4Tmo4Y3JvYWxyc2RSc2FIZEk5cUw2WXljYgotLS0tLUVORCBSU0EgUFJJVkFURSBLRVktLS0tLQo
